 hadamard

 Timestamp is 4a248745 (Mon Jun 01 18:58:29 2009)

 Preferred load address is 10000000

 Start         Length     Name                   Class
 0001:00000000 00009964H .text                   CODE
 0002:00000000 00000110H .idata$5                DATA
 0002:00000110 00000004H .CRT$XCA                DATA
 0002:00000114 00000004H .CRT$XCZ                DATA
 0002:00000118 00000004H .CRT$XIA                DATA
 0002:0000011c 0000000cH .CRT$XIC                DATA
 0002:00000128 00000004H .CRT$XIZ                DATA
 0002:0000012c 00000004H .CRT$XPA                DATA
 0002:00000130 00000004H .CRT$XPZ                DATA
 0002:00000134 00000004H .CRT$XTA                DATA
 0002:00000138 00000004H .CRT$XTZ                DATA
 0002:00000140 000012d8H .rdata                  DATA
 0002:00001420 0000000cH .rdata$sxdata           DATA
 0002:0000142c 00000004H .rtc$IAA                DATA
 0002:00001430 00000004H .rtc$IZZ                DATA
 0002:00001434 00000004H .rtc$TAA                DATA
 0002:00001438 00000004H .rtc$TZZ                DATA
 0002:00001440 000002acH .xdata$x                DATA
 0002:000016ec 0000003cH .idata$2                DATA
 0002:00001728 00000014H .idata$3                DATA
 0002:0000173c 00000110H .idata$4                DATA
 0002:0000184c 000004beH .idata$6                DATA
 0002:00001d10 0000004eH .edata                  DATA
 0003:00000000 00000f80H .data                   DATA
 0003:00000f80 00000bb8H .bss                    DATA

  Address         Publics by Value              Rva+Base       Lib:Object

 0000:00000000       __except_list              00000000     <absolute>
 0000:00000003       ___safe_se_handler_count   00000003     <absolute>
 0000:00000000       ___ImageBase               10000000     <linker-defined>
 0001:00000000       _hadamard_apply_vector     10001000 f   hadamard.obj
 0001:00000110       _hadamard_apply_matrix     10001110 f   hadamard.obj
 0001:00000150       _checkPowerTwo             10001150 f   hadamard.obj
 0001:00000190       _mexFunction               10001190 f   hadamard.obj
 0001:0000022c       _mxGetPr                   1000122c f   libmx:libmx.dll
 0001:00000232       _mxCreateDoubleMatrix_700  10001232 f   libmx:libmx.dll
 0001:00000238       _mxIsComplex               10001238 f   libmx:libmx.dll
 0001:0000023e       _mxGetN                    1000123e f   libmx:libmx.dll
 0001:00000244       _mxGetM                    10001244 f   libmx:libmx.dll
 0001:0000024a       _mexErrMsgTxt              1000124a f   libmex:libmex.dll
 0001:00000250       __cfltcvt_init             10001250 f   LIBCMT:_fpinit_.obj
 0001:000002b0       __fpmath                   100012b0 f   LIBCMT:_fpinit_.obj
 0001:000002d3       __CRT_INIT@12              100012d3 f   LIBCMT:dllcrt0.obj
 0001:000004fe       __DllMainCRTStartup@12     100014fe f   LIBCMT:dllcrt0.obj
 0001:00000521       ??0_LocaleUpdate@@QAE@PAUlocaleinfo_struct@@@Z 10001521 f i LIBCMT:cvt.obj
 0001:000005a8       __forcdecpt_l              100015a8 f   LIBCMT:cvt.obj
 0001:0000061b       __cropzeros_l              1000161b f   LIBCMT:cvt.obj
 0001:0000069d       __positive                 1000169d f   LIBCMT:cvt.obj
 0001:000006b9       __fassign_l                100016b9 f   LIBCMT:cvt.obj
 0001:000006fb       __fassign                  100016fb f   LIBCMT:cvt.obj
 0001:00000734       __forcdecpt                10001734 f   LIBCMT:cvt.obj
 0001:00000747       __cropzeros                10001747 f   LIBCMT:cvt.obj
 0001:000008c9       __cftoe_l                  100018c9 f   LIBCMT:cvt.obj
 0001:00000999       __cftoe                    10001999 f   LIBCMT:cvt.obj
 0001:000009b9       __cftoa_l                  100019b9 f   LIBCMT:cvt.obj
 0001:00000e23       __cftof_l                  10001e23 f   LIBCMT:cvt.obj
 0001:00000ede       __cftog_l                  10001ede f   LIBCMT:cvt.obj
 0001:00000fd8       __cfltcvt_l                10001fd8 f   LIBCMT:cvt.obj
 0001:00001060       __cfltcvt                  10002060 f   LIBCMT:cvt.obj
 0001:00001083       __initp_misc_cfltcvt_tab   10002083 f   LIBCMT:cmiscdat.obj
 0001:000010a4       __setdefaultprecision      100020a4 f   LIBCMT:fp8.obj
 0001:000010cf       __ms_p5_test_fdiv          100020cf f   LIBCMT:_testfdiv_.obj
 0001:0000110d       __ms_p5_mp_test_fdiv       1000210d f   LIBCMT:_testfdiv_.obj
 0001:00001136       __encode_pointer           10002136 f   LIBCMT:tidtable.obj
 0001:000011a8       __encoded_null             100021a8 f   LIBCMT:tidtable.obj
 0001:000011b1       __decode_pointer           100021b1 f   LIBCMT:tidtable.obj
 0001:00001223       ___crtTlsAlloc@4           10002223 f   LIBCMT:tidtable.obj
 0001:0000122c       ___set_flsgetvalue         1000222c f   LIBCMT:tidtable.obj
 0001:00001260       __mtterm                   10002260 f   LIBCMT:tidtable.obj
 0001:0000129d       __initptd                  1000229d f   LIBCMT:tidtable.obj
 0001:00001384       __getptd_noexit            10002384 f   LIBCMT:tidtable.obj
 0001:000013fd       __getptd                   100023fd f   LIBCMT:tidtable.obj
 0001:00001417       __freefls@4                10002417 f   LIBCMT:tidtable.obj
 0001:00001546       __freeptd                  10002546 f   LIBCMT:tidtable.obj
 0001:000015b4       __mtinit                   100025b4 f   LIBCMT:tidtable.obj
 0001:00001741       _free                      10002741 f   LIBCMT:free.obj
 0001:000017cf       __malloc_crt               100027cf f   LIBCMT:crtheap.obj
 0001:00001814       __calloc_crt               10002814 f   LIBCMT:crtheap.obj
 0001:00001860       __realloc_crt              10002860 f   LIBCMT:crtheap.obj
 0001:000018ae       __crt_waiting_on_module_handle 100028ae f   LIBCMT:crt0dat.obj
 0001:000018de       __amsg_exit                100028de f   LIBCMT:crt0dat.obj
 0001:00001907       ___crtCorExitProcess       10002907 f   LIBCMT:crt0dat.obj
 0001:00001932       ___crtExitProcess          10002932 f   LIBCMT:crt0dat.obj
 0001:0000194a       __lockexit                 1000294a f   LIBCMT:crt0dat.obj
 0001:00001953       __unlockexit               10002953 f   LIBCMT:crt0dat.obj
 0001:00001979       __initterm_e               10002979 f   LIBCMT:crt0dat.obj
 0001:0000199d       __cinit                    1000299d f   LIBCMT:crt0dat.obj
 0001:00001b4e       __exit                     10002b4e f   LIBCMT:crt0dat.obj
 0001:00001b64       __cexit                    10002b64 f   LIBCMT:crt0dat.obj
 0001:00001b73       __init_pointers            10002b73 f   LIBCMT:crt0dat.obj
 0001:00001bc1       __ioinit                   10002bc1 f   LIBCMT:ioinit.obj
 0001:00001e15       __ioterm                   10002e15 f   LIBCMT:ioinit.obj
 0001:00001e63       __setenvp                  10002e63 f   LIBCMT:stdenvp.obj
 0001:000020db       __setargv                  100030db f   LIBCMT:stdargv.obj
 0001:00002196       ___crtGetEnvironmentStringsA 10003196 f   LIBCMT:a_env.obj
 0001:000022cd       __RTC_Initialize           100032cd f   LIBCMT:_initsect_.obj
 0001:000022f3       __RTC_Terminate            100032f3 f   LIBCMT:_initsect_.obj
 0001:00002319       __heap_init                10003319 f   LIBCMT:heapinit.obj
 0001:00002349       __heap_term                10003349 f   LIBCMT:heapinit.obj
 0001:000023bd       __initp_misc_winxfltr      100033bd f   LIBCMT:winxfltr.obj
 0001:000023bd       __fpclear                  100033bd f   LIBCMT:_fpinit_.obj
 0001:000023be       __XcptFilter               100033be f   LIBCMT:winxfltr.obj
 0001:0000251e       ___CppXcptFilter           1000351e f   LIBCMT:winxfltr.obj
 0001:0000253e       _DllMain@12                1000353e f   LIBCMT:dllmain.obj
 0001:00002544       __SEH_prolog4              10003544 f   LIBCMT:sehprolg4.obj
 0001:00002589       __SEH_epilog4              10003589 f   LIBCMT:sehprolg4.obj
 0001:000025a0       __except_handler4          100035a0 f   LIBCMT:chandler4.obj
 0001:0000272c       ___security_init_cookie    1000372c f   LIBCMT:gs_support.obj
 0001:000027d0       _strrchr                   100037d0 f   LIBCMT:strrchr.obj
 0001:00002a23       ___updatetmbcinfo          10003a23 f   LIBCMT:mbctype.obj
 0001:00002b43       __setmbcp_nolock           10003b43 f   LIBCMT:mbctype.obj
 0001:00002d28       __setmbcp                  10003d28 f   LIBCMT:mbctype.obj
 0001:00002ec2       ___initmbctable            10003ec2 f   LIBCMT:mbctype.obj
 0001:00002ee0       ___freetlocinfo            10003ee0 f   LIBCMT:setlocal.obj
 0001:00003029       ___addlocaleref            10004029 f   LIBCMT:setlocal.obj
 0001:000030b8       ___removelocaleref         100040b8 f   LIBCMT:setlocal.obj
 0001:0000318f       ___updatetlocinfo          1000418f f   LIBCMT:setlocal.obj
 0001:00003205       __initp_misc_invarg        10004205 f   LIBCMT:invarg.obj
 0001:00003214       __invoke_watson            10004214 f   LIBCMT:invarg.obj
 0001:0000333c       __invalid_parameter        1000433c f   LIBCMT:invarg.obj
 0001:00003362       __isdigit_l                10004362 f i LIBCMT:_ctype.obj
 0001:000033b3       _isdigit                   100043b3 f i LIBCMT:_ctype.obj
 0001:000033e1       __tolower_l                100043e1 f   LIBCMT:tolower.obj
 0001:000034f6       _tolower                   100044f6 f   LIBCMT:tolower.obj
 0001:00003522       __atodbl_l                 10004522 f   LIBCMT:atodbl.obj
 0001:000035ca       __atoflt_l                 100045ca f   LIBCMT:atodbl.obj
 0001:00003680       _memmove                   10004680 f   LIBCMT:memmove.obj
 0001:000039f0       _strlen                    100049f0 f   LIBCMT:strlen.obj
 0001:00003a7b       _strcpy_s                  10004a7b f   LIBCMT:strcpy_s.obj
 0001:00003ae3       __get_errno_from_oserr     10004ae3 f   LIBCMT:dosmap.obj
 0001:00003b25       __errno                    10004b25 f   LIBCMT:dosmap.obj
 0001:00003b38       __fptostr                  10004b38 f   LIBCMT:_fptostr.obj
 0001:00003bf7       ___dtold                   10004bf7 f   LIBCMT:_cfout_.obj
 0001:00003cb4       __fltout2                  10004cb4 f   LIBCMT:_cfout_.obj
 0001:00003d44       @__security_check_cookie@4 10004d44 f   LIBCMT:secchk.obj
 0001:00003d60       __alldvrm                  10004d60 f   LIBCMT:lldvrm.obj
 0001:00003e40       _memset                    10004e40 f   LIBCMT:memset.obj
 0001:00003ec0       __aullshr                  10004ec0 f   LIBCMT:ullshr.obj
 0001:00003edf       __fptrap                   10004edf f   LIBCMT:crt0fp.obj
 0001:00003ee8       __controlfp_s              10004ee8 f   LIBCMT:_contrlfp_.obj
 0001:00003f54       __mtinitlocks              10004f54 f   LIBCMT:mlock.obj
 0001:00003f9f       __mtdeletelocks            10004f9f f   LIBCMT:mlock.obj
 0001:00003ff6       __unlock                   10004ff6 f   LIBCMT:mlock.obj
 0001:0000400d       __mtinitlocknum            1000500d f   LIBCMT:mlock.obj
 0001:000040d0       __lock                     100050d0 f   LIBCMT:mlock.obj
 0001:00004103       ___sbh_find_block          10005103 f   LIBCMT:sbheap.obj
 0001:00004133       ___sbh_free_block          10005133 f   LIBCMT:sbheap.obj
 0001:00004449       ___sbh_alloc_new_region    10005449 f   LIBCMT:sbheap.obj
 0001:000044f9       ___sbh_alloc_new_group     100054f9 f   LIBCMT:sbheap.obj
 0001:00004601       ___sbh_resize_block        10005601 f   LIBCMT:sbheap.obj
 0001:000048e2       ___sbh_alloc_block         100058e2 f   LIBCMT:sbheap.obj
 0001:00004bc7       _V6_HeapAlloc              10005bc7 f   LIBCMT:malloc.obj
 0001:00004c16       _malloc                    10005c16 f   LIBCMT:malloc.obj
 0001:00004ce0       __calloc_impl              10005ce0 f   LIBCMT:calloc_impl.obj
 0001:00004dfe       _realloc                   10005dfe f   LIBCMT:realloc.obj
 0001:00005019       __NMSG_WRITE               10006019 f   LIBCMT:crt0msg.obj
 0001:000051c4       __FF_MSGBANNER             100061c4 f   LIBCMT:crt0msg.obj
 0001:000052b7       ___onexitinit              100062b7 f   LIBCMT:onexit.obj
 0001:000052e8       __onexit                   100062e8 f   LIBCMT:onexit.obj
 0001:00005324       _atexit                    10006324 f   LIBCMT:onexit.obj
 0001:00005340       __ValidateImageBase        10006340 f   LIBCMT:pesect.obj
 0001:00005380       __FindPESection            10006380 f   LIBCMT:pesect.obj
 0001:000053d0       __IsNonwritableInCurrentImage 100063d0 f   LIBCMT:pesect.obj
 0001:0000548d       ?terminate@@YAXXZ          1000648d f   LIBCMT:hooks.obj
 0001:000054c6       __initp_eh_hooks           100064c6 f   LIBCMT:hooks.obj
 0001:000054d7       __initp_misc_winsig        100064d7 f   LIBCMT:winsig.obj
 0001:0000552c       ___get_sigabrt             1000652c f   LIBCMT:winsig.obj
 0001:00005539       _raise                     10006539 f   LIBCMT:winsig.obj
 0001:000056e9       __initp_misc_rand_s        100066e9 f   LIBCMT:rand_s.obj
 0001:000056f8       __initp_misc_purevirt      100066f8 f   LIBCMT:inithelp.obj
 0001:00005707       __initp_misc_initcrit      10006707 f   LIBCMT:initcrit.obj
 0001:00005716       ___crtInitCritSecAndSpinCount 10006716 f   LIBCMT:initcrit.obj
 0001:00005776       __initp_heap_handler       10006776 f   LIBCMT:handler.obj
 0001:00005785       __callnewh                 10006785 f   LIBCMT:handler.obj
 0001:00005800       __ismbblead                10006800 f   LIBCMT:ismbbyte.obj
 0001:00005820       _memcpy                    10006820 f   LIBCMT:memcpy.obj
 0001:00005b88       __local_unwind4            10006b88 f   LIBCMT:exsup4.obj
 0001:00005c5e       __seh_longjmp_unwind4@4    10006c5e f   LIBCMT:exsup4.obj
 0001:00005c7a       @_EH4_CallFilterFunc@8     10006c7a f   LIBCMT:exsup4.obj
 0001:00005c91       @_EH4_TransferToHandler@8  10006c91 f   LIBCMT:exsup4.obj
 0001:00005caa       @_EH4_GlobalUnwind@4       10006caa f   LIBCMT:exsup4.obj
 0001:00005cc4       @_EH4_LocalUnwind@16       10006cc4 f   LIBCMT:exsup4.obj
 0001:00005cdb       __freea                    10006cdb f i LIBCMT:a_map.obj
 0001:000060a0       ___crtLCMapStringA         100070a0 f   LIBCMT:a_map.obj
 0001:0000629f       ___crtGetStringTypeA       1000729f f   LIBCMT:a_str.obj
 0001:000062e1       ___free_lc_time            100072e1 f   LIBCMT:inittime.obj
 0001:00006476       ___free_lconv_num          10007476 f   LIBCMT:initnum.obj
 0001:000064bb       ___free_lconv_mon          100074bb f   LIBCMT:initmon.obj
 0001:00006549       _strcat_s                  10007549 f   LIBCMT:strcat_s.obj
 0001:000065c0       _strcspn                   100075c0 f   LIBCMT:strcspn.obj
 0001:00006606       _strncpy_s                 10007606 f   LIBCMT:strncpy_s.obj
 0001:000066c0       _strcmp                    100076c0 f   LIBCMT:strcmp.obj
 0001:00006750       _strpbrk                   10007750 f   LIBCMT:strpbrk.obj
 0001:00006790       __crt_debugger_hook        10007790 f   LIBCMT:dbghook.obj
 0001:00006798       __isctype_l                10007798 f   LIBCMT:isctype.obj
 0001:00006850       __isleadbyte_l             10007850 f i LIBCMT:_wctype.obj
 0001:00006888       __ld12tod                  10007888 f   LIBCMT:_intrncvt_.obj
 0001:00006dcc       __ld12tof                  10007dcc f   LIBCMT:_intrncvt_.obj
 0001:00007310       ___strgtold12_l            10008310 f   LIBCMT:_strgtold_.obj
 0001:00007a8f       __VEC_memcpy               10008a8f f   LIBCMT:p4_memcpy.obj
 0001:00007bc2       __get_sse2_info            10008bc2 f   LIBCMT:cpu_disp.obj
 0001:00007c24       ___sse2_available_init     10008c24 f   LIBCMT:cpu_disp.obj
 0001:00007c31       _$I10_OUTPUT               10008c31 f   LIBCMT:_x10fout_.obj
 0001:00008555       ___report_gsfailure        10009555 f   LIBCMT:gs_report.obj
 0001:000086b2       __VEC_memzero              100096b2 f   LIBCMT:p4_memset.obj
 0001:0000886f       __control87                1000986f f i LIBCMT:_ieee87_.obj
 0001:00008b7e       __msize                    10009b7e f   LIBCMT:msize.obj
 0001:00008c21       ___crtMessageBoxA          10009c21 f   LIBCMT:crtmbox.obj
 0001:00008d8a       __set_error_mode           10009d8a f   LIBCMT:errmode.obj
 0001:00008dd5       _abort                     10009dd5 f   LIBCMT:abort.obj
 0001:00008eec       __global_unwind2           10009eec f   LIBCMT:exsup.obj
 0001:00008f51       __local_unwind2            10009f51 f   LIBCMT:exsup.obj
 0001:00008fd5       __abnormal_termination     10009fd5 f   LIBCMT:exsup.obj
 0001:00008ff8       __NLG_Notify1              10009ff8 f   LIBCMT:exsup.obj
 0001:00009001       __NLG_Notify               1000a001 f   LIBCMT:exsup.obj
 0001:00009018       __NLG_Dispatch2            1000a018     LIBCMT:exsup.obj
 0001:00009018       __NLG_Dispatch             1000a018     LIBCMT:exsup.obj
 0001:00009020       __NLG_Call                 1000a020 f   LIBCMT:exsup.obj
 0001:00009022       __NLG_Return2              1000a022     LIBCMT:exsup.obj
 0001:00009023       ___ansicp                  1000a023 f   LIBCMT:convrtcp.obj
 0001:0000906c       ___convertcp               1000a06c f   LIBCMT:convrtcp.obj
 0001:00009220       __alloca_probe_16          1000a220 f   LIBCMT:alloca16.obj
 0001:00009236       __alloca_probe_8           1000a236     LIBCMT:alloca16.obj
 0001:0000924c       _atol                      1000a24c f   LIBCMT:atox.obj
 0001:00009262       ___mtold12                 1000a262 f   LIBCMT:_mantold_.obj
 0001:00009430       ___set_fpsr_sse2           1000a430 f   LIBCMT:_fpctrl_.obj
 0001:000094b0       __alloca_probe             1000a4b0     LIBCMT:chkstk.obj
 0001:000094b0       __chkstk                   1000a4b0 f   LIBCMT:chkstk.obj
 0001:0000970a       _strtol                    1000a70a f   LIBCMT:strtol.obj
 0001:00009740       ___ascii_strnicmp          1000a740 f   LIBCMT:_strnicm.obj
 0001:000097b0       __aulldvrm                 1000a7b0 f   LIBCMT:ulldvrm.obj
 0001:00009850       __allmul                   1000a850 f   LIBCMT:llmul.obj
 0001:000098a0       _strchr                    1000a8a0 f   LIBCMT:strchr.obj
 0001:000098a6       ___from_strstr_to_strchr   1000a8a6     LIBCMT:strchr.obj
 0001:0000995e       _RtlUnwind@16              1000a95e f   kernel32:KERNEL32.dll
 0002:00000000       __imp__GetCurrentProcessId@0 1000b000     kernel32:KERNEL32.dll
 0002:00000004       __imp__HeapSize@12         1000b004     kernel32:KERNEL32.dll
 0002:00000008       __imp__GetCurrentThreadId@0 1000b008     kernel32:KERNEL32.dll
 0002:0000000c       __imp__GetCommandLineA@0   1000b00c     kernel32:KERNEL32.dll
 0002:00000010       __imp__GetProcAddress@8    1000b010     kernel32:KERNEL32.dll
 0002:00000014       __imp__GetModuleHandleA@4  1000b014     kernel32:KERNEL32.dll
 0002:00000018       __imp__GetModuleHandleW@4  1000b018     kernel32:KERNEL32.dll
 0002:0000001c       __imp__TlsGetValue@4       1000b01c     kernel32:KERNEL32.dll
 0002:00000020       __imp__TlsAlloc@0          1000b020     kernel32:KERNEL32.dll
 0002:00000024       __imp__TlsSetValue@8       1000b024     kernel32:KERNEL32.dll
 0002:00000028       __imp__TlsFree@4           1000b028     kernel32:KERNEL32.dll
 0002:0000002c       __imp__InterlockedIncrement@4 1000b02c     kernel32:KERNEL32.dll
 0002:00000030       __imp__SetLastError@4      1000b030     kernel32:KERNEL32.dll
 0002:00000034       __imp__GetLastError@0      1000b034     kernel32:KERNEL32.dll
 0002:00000038       __imp__InterlockedDecrement@4 1000b038     kernel32:KERNEL32.dll
 0002:0000003c       __imp__HeapFree@12         1000b03c     kernel32:KERNEL32.dll
 0002:00000040       __imp__Sleep@4             1000b040     kernel32:KERNEL32.dll
 0002:00000044       __imp__ExitProcess@4       1000b044     kernel32:KERNEL32.dll
 0002:00000048       __imp__SetHandleCount@4    1000b048     kernel32:KERNEL32.dll
 0002:0000004c       __imp__GetStdHandle@4      1000b04c     kernel32:KERNEL32.dll
 0002:00000050       __imp__GetFileType@4       1000b050     kernel32:KERNEL32.dll
 0002:00000054       __imp__GetStartupInfoA@4   1000b054     kernel32:KERNEL32.dll
 0002:00000058       __imp__DeleteCriticalSection@4 1000b058     kernel32:KERNEL32.dll
 0002:0000005c       __imp__GetModuleFileNameA@12 1000b05c     kernel32:KERNEL32.dll
 0002:00000060       __imp__FreeEnvironmentStringsA@4 1000b060     kernel32:KERNEL32.dll
 0002:00000064       __imp__GetEnvironmentStrings@0 1000b064     kernel32:KERNEL32.dll
 0002:00000068       __imp__FreeEnvironmentStringsW@4 1000b068     kernel32:KERNEL32.dll
 0002:0000006c       __imp__WideCharToMultiByte@32 1000b06c     kernel32:KERNEL32.dll
 0002:00000070       __imp__GetEnvironmentStringsW@0 1000b070     kernel32:KERNEL32.dll
 0002:00000074       __imp__HeapCreate@12       1000b074     kernel32:KERNEL32.dll
 0002:00000078       __imp__HeapDestroy@4       1000b078     kernel32:KERNEL32.dll
 0002:0000007c       __imp__VirtualFree@12      1000b07c     kernel32:KERNEL32.dll
 0002:00000080       __imp__QueryPerformanceCounter@4 1000b080     kernel32:KERNEL32.dll
 0002:00000084       __imp__GetTickCount@0      1000b084     kernel32:KERNEL32.dll
 0002:00000088       __imp__GetSystemTimeAsFileTime@4 1000b088     kernel32:KERNEL32.dll
 0002:0000008c       __imp__GetCPInfo@8         1000b08c     kernel32:KERNEL32.dll
 0002:00000090       __imp__GetACP@0            1000b090     kernel32:KERNEL32.dll
 0002:00000094       __imp__GetOEMCP@0          1000b094     kernel32:KERNEL32.dll
 0002:00000098       __imp__IsValidCodePage@4   1000b098     kernel32:KERNEL32.dll
 0002:0000009c       __imp__TerminateProcess@8  1000b09c     kernel32:KERNEL32.dll
 0002:000000a0       __imp__GetCurrentProcess@0 1000b0a0     kernel32:KERNEL32.dll
 0002:000000a4       __imp__UnhandledExceptionFilter@4 1000b0a4     kernel32:KERNEL32.dll
 0002:000000a8       __imp__SetUnhandledExceptionFilter@4 1000b0a8     kernel32:KERNEL32.dll
 0002:000000ac       __imp__IsDebuggerPresent@0 1000b0ac     kernel32:KERNEL32.dll
 0002:000000b0       __imp__LeaveCriticalSection@4 1000b0b0     kernel32:KERNEL32.dll
 0002:000000b4       __imp__EnterCriticalSection@4 1000b0b4     kernel32:KERNEL32.dll
 0002:000000b8       __imp__HeapAlloc@12        1000b0b8     kernel32:KERNEL32.dll
 0002:000000bc       __imp__VirtualAlloc@16     1000b0bc     kernel32:KERNEL32.dll
 0002:000000c0       __imp__HeapReAlloc@16      1000b0c0     kernel32:KERNEL32.dll
 0002:000000c4       __imp__WriteFile@20        1000b0c4     kernel32:KERNEL32.dll
 0002:000000c8       __imp__LoadLibraryA@4      1000b0c8     kernel32:KERNEL32.dll
 0002:000000cc       __imp__InitializeCriticalSectionAndSpinCount@8 1000b0cc     kernel32:KERNEL32.dll
 0002:000000d0       __imp__RtlUnwind@16        1000b0d0     kernel32:KERNEL32.dll
 0002:000000d4       __imp__LCMapStringA@24     1000b0d4     kernel32:KERNEL32.dll
 0002:000000d8       __imp__MultiByteToWideChar@24 1000b0d8     kernel32:KERNEL32.dll
 0002:000000dc       __imp__LCMapStringW@24     1000b0dc     kernel32:KERNEL32.dll
 0002:000000e0       __imp__GetStringTypeA@20   1000b0e0     kernel32:KERNEL32.dll
 0002:000000e4       __imp__GetStringTypeW@16   1000b0e4     kernel32:KERNEL32.dll
 0002:000000e8       __imp__GetLocaleInfoA@16   1000b0e8     kernel32:KERNEL32.dll
 0002:000000ec       \177KERNEL32_NULL_THUNK_DATA 1000b0ec     kernel32:KERNEL32.dll
 0002:000000f0       __imp__mexErrMsgTxt        1000b0f0     libmex:libmex.dll
 0002:000000f4       \177libmex_NULL_THUNK_DATA 1000b0f4     libmex:libmex.dll
 0002:000000f8       __imp__mxGetM              1000b0f8     libmx:libmx.dll
 0002:000000fc       __imp__mxGetN              1000b0fc     libmx:libmx.dll
 0002:00000100       __imp__mxIsComplex         1000b100     libmx:libmx.dll
 0002:00000104       __imp__mxCreateDoubleMatrix_700 1000b104     libmx:libmx.dll
 0002:00000108       __imp__mxGetPr             1000b108     libmx:libmx.dll
 0002:0000010c       \177libmx_NULL_THUNK_DATA  1000b10c     libmx:libmx.dll
 0002:00000110       ___xc_a                    1000b110     LIBCMT:crt0init.obj
 0002:00000114       ___xc_z                    1000b114     LIBCMT:crt0init.obj
 0002:00000118       ___xi_a                    1000b118     LIBCMT:crt0init.obj
 0002:00000128       ___xi_z                    1000b128     LIBCMT:crt0init.obj
 0002:0000012c       ___xp_a                    1000b12c     LIBCMT:crt0init.obj
 0002:00000130       ___xp_z                    1000b130     LIBCMT:crt0init.obj
 0002:00000134       ___xt_a                    1000b134     LIBCMT:crt0init.obj
 0002:00000138       ___xt_z                    1000b138     LIBCMT:crt0init.obj
 0002:00000140       ??_C@_0CC@IFLBOGEC@Vector?5length?5must?5be?5power?5of?52@ 1000b140     hadamard.obj
 0002:00000164       ??_C@_0CG@CPAKBOHA@Vector?5length?5must?5be?5greater?5th@ 1000b164     hadamard.obj
 0002:0000018c       ??_C@_0BE@CNLKFCFF@Input?5must?5be?5real?4?$AA@ 1000b18c     hadamard.obj
 0002:000001a0       ??_C@_0BL@NDNCOJLA@Too?5many?5output?5arguments?4?$AA@ 1000b1a0     hadamard.obj
 0002:000001c0       ??_C@_0FO@EFJGGIAE@One?5and?5only?5one?5input?5required?$DL@ 1000b1c0     hadamard.obj
 0002:00000220       __FPinit                   1000b220     LIBCMT:_fpinit_.obj
 0002:00000224       __FPmtinit                 1000b224     LIBCMT:_fpinit_.obj
 0002:00000228       __FPmtterm                 1000b228     LIBCMT:_fpinit_.obj
 0002:0000022c       __pDefaultRawDllMain       1000b22c     LIBCMT:dllcrt0.obj
 0002:0000022c       __pRawDllMain              1000b22c     LIBCMT:dllcrt0.obj
 0002:00000230       ??_C@_05KLBDPFGC@e?$CL000?$AA@ 1000b230     LIBCMT:cvt.obj
 0002:00000238       __real@4150017ec0000000    1000b238     LIBCMT:_testfdiv_.obj
 0002:00000240       __real@4147ffff80000000    1000b240     LIBCMT:_testfdiv_.obj
 0002:00000248       ??_C@_0BK@NHEOCAHP@IsProcessorFeaturePresent?$AA@ 1000b248     LIBCMT:_testfdiv_.obj
 0002:00000264       ??_C@_08CPNIBGIE@KERNEL32?$AA@ 1000b264     LIBCMT:_testfdiv_.obj
 0002:00000270       ??_C@_0O@NLDKAIKN@EncodePointer?$AA@ 1000b270     LIBCMT:tidtable.obj
 0002:00000280       ??_C@_1BK@DBDEIDLH@?$AAK?$AAE?$AAR?$AAN?$AAE?$AAL?$AA3?$AA2?$AA?4?$AAD?$AAL?$AAL?$AA?$AA@ 1000b280     LIBCMT:tidtable.obj
 0002:0000029c       ??_C@_0O@KBPMFGHI@DecodePointer?$AA@ 1000b29c     LIBCMT:tidtable.obj
 0002:000002ac       ??_C@_07PEJMOBNF@FlsFree?$AA@ 1000b2ac     LIBCMT:tidtable.obj
 0002:000002b4       ??_C@_0M@JCPCPOEF@FlsSetValue?$AA@ 1000b2b4     LIBCMT:tidtable.obj
 0002:000002c0       ??_C@_0M@GDNOONDI@FlsGetValue?$AA@ 1000b2c0     LIBCMT:tidtable.obj
 0002:000002cc       ??_C@_08KNHFBNJ@FlsAlloc?$AA@ 1000b2cc     LIBCMT:tidtable.obj
 0002:000002d8       ??_C@_0P@MIGLKIOC@CorExitProcess?$AA@ 1000b2d8     LIBCMT:crt0dat.obj
 0002:000002e8       ??_C@_1BI@BGOHAHKC@?$AAm?$AAs?$AAc?$AAo?$AAr?$AAe?$AAe?$AA?4?$AAd?$AAl?$AAl?$AA?$AA@ 1000b2e8     LIBCMT:crt0dat.obj
 0002:00000300       __XcptActTab               1000b300     LIBCMT:winxfltr.obj
 0002:000003f8       ??_C@_0P@GGKDKEEG@runtime?5error?5?$AA@ 1000b3f8     LIBCMT:crt0msg.obj
 0002:00000408       ??_C@_02PCIJFNDE@?$AN?6?$AA@ 1000b408     LIBCMT:crt0msg.obj
 0002:0000040c       ??_C@_0O@MJNIPGOH@TLOSS?5error?$AN?6?$AA@ 1000b40c     LIBCMT:crt0msg.obj
 0002:0000041c       ??_C@_0N@BONNPDHF@SING?5error?$AN?6?$AA@ 1000b41c     LIBCMT:crt0msg.obj
 0002:0000042c       ??_C@_0P@MBDAJNE@DOMAIN?5error?$AN?6?$AA@ 1000b42c     LIBCMT:crt0msg.obj
 0002:00000440       ??_C@_0JL@DFDOOABL@R6034?$AN?6An?5application?5has?5made?5a@ 1000b440     LIBCMT:crt0msg.obj
 0002:000004e0       ??_C@_0PH@EPAFIJ@R6033?$AN?6?9?5Attempt?5to?5use?5MSIL?5cod@ 1000b4e0     LIBCMT:crt0msg.obj
 0002:000005d8       ??_C@_0DD@BKEEABMM@R6032?$AN?6?9?5not?5enough?5space?5for?5lo@ 1000b5d8     LIBCMT:crt0msg.obj
 0002:00000610       ??_C@_0GD@OFKILIED@R6031?$AN?6?9?5Attempt?5to?5initialize?5t@ 1000b610     LIBCMT:crt0msg.obj
 0002:00000674       ??_C@_0BP@LPMHJOKI@R6030?$AN?6?9?5CRT?5not?5initialized?$AN?6?$AA@ 1000b674     LIBCMT:crt0msg.obj
 0002:00000694       ??_C@_0CF@KJDAIALP@R6028?$AN?6?9?5unable?5to?5initialize?5he@ 1000b694     LIBCMT:crt0msg.obj
 0002:000006bc       ??_C@_0DF@GAKBPDFP@R6027?$AN?6?9?5not?5enough?5space?5for?5lo@ 1000b6bc     LIBCMT:crt0msg.obj
 0002:000006f4       ??_C@_0DF@IBLNNAIG@R6026?$AN?6?9?5not?5enough?5space?5for?5st@ 1000b6f4     LIBCMT:crt0msg.obj
 0002:0000072c       ??_C@_0CG@IOHKGFNJ@R6025?$AN?6?9?5pure?5virtual?5function?5c@ 1000b72c     LIBCMT:crt0msg.obj
 0002:00000754       ??_C@_0DF@JIJJFJDC@R6024?$AN?6?9?5not?5enough?5space?5for?5_o@ 1000b754     LIBCMT:crt0msg.obj
 0002:0000078c       ??_C@_0CJ@EGEJHFME@R6019?$AN?6?9?5unable?5to?5open?5console?5@ 1000b78c     LIBCMT:crt0msg.obj
 0002:000007b8       ??_C@_0CB@GNHNIELH@R6018?$AN?6?9?5unexpected?5heap?5error?$AN?6@ 1000b7b8     LIBCMT:crt0msg.obj
 0002:000007dc       ??_C@_0CN@FOLDKNG@R6017?$AN?6?9?5unexpected?5multithread?5@ 1000b7dc     LIBCMT:crt0msg.obj
 0002:0000080c       ??_C@_0CM@FAHFJNHO@R6016?$AN?6?9?5not?5enough?5space?5for?5th@ 1000b80c     LIBCMT:crt0msg.obj
 0002:00000838       ??_C@_0JG@LBKMGKLD@?$AN?6This?5application?5has?5requested@ 1000b838     LIBCMT:crt0msg.obj
 0002:000008d0       ??_C@_0CM@FLCNIPKK@R6009?$AN?6?9?5not?5enough?5space?5for?5en@ 1000b8d0     LIBCMT:crt0msg.obj
 0002:000008fc       ??_C@_0CK@KMMJOAPP@R6008?$AN?6?9?5not?5enough?5space?5for?5ar@ 1000b8fc     LIBCMT:crt0msg.obj
 0002:00000928       ??_C@_0CN@LEKKICBM@R6002?$AN?6?9?5floating?5point?5support?5@ 1000b928     LIBCMT:crt0msg.obj
 0002:00000958       ??_C@_0CF@GOGNBNAK@Microsoft?5Visual?5C?$CL?$CL?5Runtime?5Lib@ 1000b958     LIBCMT:crt0msg.obj
 0002:00000980       ??_C@_02PHMGELLB@?6?6?$AA@ 1000b980     LIBCMT:crt0msg.obj
 0002:00000984       ??_C@_03KHICJKCI@?4?4?4?$AA@ 1000b984     LIBCMT:crt0msg.obj
 0002:00000988       ??_C@_0BH@DNAGHKFM@?$DMprogram?5name?5unknown?$DO?$AA@ 1000b988     LIBCMT:crt0msg.obj
 0002:000009a0       ??_C@_0BK@OFGJDLJJ@Runtime?5Error?$CB?6?6Program?3?5?$AA@ 1000b9a0     LIBCMT:crt0msg.obj
 0002:000009bc       ??_C@_13NOLLCAOD@?$AA?$AA?$AA?$AA@ 1000b9bc     LIBCMT:a_map.obj
 0002:000009c0       ___newctype                1000b9c0     LIBCMT:ctype.obj
 0002:00000cc0       __wctype                   1000bcc0     LIBCMT:ctype.obj
 0002:00000ec8       ___newclmap                1000bec8     LIBCMT:ctype.obj
 0002:00001048       ___newcumap                1000c048     LIBCMT:ctype.obj
 0002:000011c8       ??_C@_08JCCMCCIL@HH?3mm?3ss?$AA@ 1000c1c8     LIBCMT:strftime.obj
 0002:000011d4       ??_C@_0BE@CKGJFCPC@dddd?0?5MMMM?5dd?0?5yyyy?$AA@ 1000c1d4     LIBCMT:strftime.obj
 0002:000011e8       ??_C@_08BPBNCDIB@MM?1dd?1yy?$AA@ 1000c1e8     LIBCMT:strftime.obj
 0002:000011f4       ??_C@_02CJNFDJBF@PM?$AA@   1000c1f4     LIBCMT:strftime.obj
 0002:000011f8       ??_C@_02DEDBPAFC@AM?$AA@   1000c1f8     LIBCMT:strftime.obj
 0002:000011fc       ??_C@_08EDHMEBNP@December?$AA@ 1000c1fc     LIBCMT:strftime.obj
 0002:00001208       ??_C@_08HCHEGEOA@November?$AA@ 1000c208     LIBCMT:strftime.obj
 0002:00001214       ??_C@_07JJNFCEND@October?$AA@ 1000c214     LIBCMT:strftime.obj
 0002:0000121c       ??_C@_09BHHEALKD@September?$AA@ 1000c21c     LIBCMT:strftime.obj
 0002:00001228       ??_C@_06LBBHFDDG@August?$AA@ 1000c228     LIBCMT:strftime.obj
 0002:00001230       ??_C@_04MIEPOIFP@July?$AA@ 1000c230     LIBCMT:strftime.obj
 0002:00001238       ??_C@_04CNLMGBGM@June?$AA@ 1000c238     LIBCMT:strftime.obj
 0002:00001240       ??_C@_05DMJDNLEJ@April?$AA@ 1000c240     LIBCMT:strftime.obj
 0002:00001248       ??_C@_05HPCKOFNC@March?$AA@ 1000c248     LIBCMT:strftime.obj
 0002:00001250       ??_C@_08GNJGEPFN@February?$AA@ 1000c250     LIBCMT:strftime.obj
 0002:0000125c       ??_C@_07CGJPFGJA@January?$AA@ 1000c25c     LIBCMT:strftime.obj
 0002:00001264       ??_C@_03MKABNOCG@Dec?$AA@  1000c264     LIBCMT:strftime.obj
 0002:00001268       ??_C@_03JPJOFNIA@Nov?$AA@  1000c268     LIBCMT:strftime.obj
 0002:0000126c       ??_C@_03BMAOKBAD@Oct?$AA@  1000c26c     LIBCMT:strftime.obj
 0002:00001270       ??_C@_03GGCAPAJC@Sep?$AA@  1000c270     LIBCMT:strftime.obj
 0002:00001274       ??_C@_03IFJFEIGA@Aug?$AA@  1000c274     LIBCMT:strftime.obj
 0002:00001278       ??_C@_03LBGABGKK@Jul?$AA@  1000c278     LIBCMT:strftime.obj
 0002:0000127c       ??_C@_03IDFGHECI@Jun?$AA@  1000c27c     LIBCMT:strftime.obj
 0002:00001280       ??_C@_03CNMDKL@May?$AA@    1000c280     LIBCMT:strftime.obj
 0002:00001284       ??_C@_03LEOLGMJP@Apr?$AA@  1000c284     LIBCMT:strftime.obj
 0002:00001288       ??_C@_03ODNJBKGA@Mar?$AA@  1000c288     LIBCMT:strftime.obj
 0002:0000128c       ??_C@_03HJBDCHOM@Feb?$AA@  1000c28c     LIBCMT:strftime.obj
 0002:00001290       ??_C@_03JIHJHPIE@Jan?$AA@  1000c290     LIBCMT:strftime.obj
 0002:00001294       ??_C@_08INBOOONO@Saturday?$AA@ 1000c294     LIBCMT:strftime.obj
 0002:000012a0       ??_C@_06JECMNKMI@Friday?$AA@ 1000c2a0     LIBCMT:strftime.obj
 0002:000012a8       ??_C@_08HACCIKIA@Thursday?$AA@ 1000c2a8     LIBCMT:strftime.obj
 0002:000012b4       ??_C@_09DLIGFAKA@Wednesday?$AA@ 1000c2b4     LIBCMT:strftime.obj
 0002:000012c0       ??_C@_07BAAGCFCM@Tuesday?$AA@ 1000c2c0     LIBCMT:strftime.obj
 0002:000012c8       ??_C@_06JLEDEDGH@Monday?$AA@ 1000c2c8     LIBCMT:strftime.obj
 0002:000012d0       ??_C@_06OOPIFAJ@Sunday?$AA@ 1000c2d0     LIBCMT:strftime.obj
 0002:000012d8       ??_C@_03FEFJNEK@Sat?$AA@   1000c2d8     LIBCMT:strftime.obj
 0002:000012dc       ??_C@_03IDIOELNC@Fri?$AA@  1000c2dc     LIBCMT:strftime.obj
 0002:000012e0       ??_C@_03IOFIKPDN@Thu?$AA@  1000c2e0     LIBCMT:strftime.obj
 0002:000012e4       ??_C@_03MHOMLAJA@Wed?$AA@  1000c2e4     LIBCMT:strftime.obj
 0002:000012e8       ??_C@_03NAGEINEP@Tue?$AA@  1000c2e8     LIBCMT:strftime.obj
 0002:000012ec       ??_C@_03PDAGKDH@Mon?$AA@   1000c2ec     LIBCMT:strftime.obj
 0002:000012f0       ??_C@_03KOEHGMDN@Sun?$AA@  1000c2f0     LIBCMT:strftime.obj
 0002:000012f4       ??_C@_06IMKFLFPG@1?$CDQNAN?$AA@ 1000c2f4     LIBCMT:_x10fout_.obj
 0002:000012fc       ??_C@_05DNEBIAHO@1?$CDINF?$AA@ 1000c2fc     LIBCMT:_x10fout_.obj
 0002:00001304       ??_C@_05PHHOCPM@1?$CDIND?$AA@ 1000c304     LIBCMT:_x10fout_.obj
 0002:0000130c       ??_C@_06PGGFOGJG@1?$CDSNAN?$AA@ 1000c30c     LIBCMT:_x10fout_.obj
 0002:0000131c       ??_C@_0BI@DFKBFLJE@GetProcessWindowStation?$AA@ 1000c31c     LIBCMT:crtmbox.obj
 0002:00001334       ??_C@_0BK@CIDNPOGP@GetUserObjectInformationA?$AA@ 1000c334     LIBCMT:crtmbox.obj
 0002:00001350       ??_C@_0BD@HHGDFDBJ@GetLastActivePopup?$AA@ 1000c350     LIBCMT:crtmbox.obj
 0002:00001364       ??_C@_0BA@HNOPNCHB@GetActiveWindow?$AA@ 1000c364     LIBCMT:crtmbox.obj
 0002:00001374       ??_C@_0M@CHKKJDAI@MessageBoxA?$AA@ 1000c374     LIBCMT:crtmbox.obj
 0002:00001380       ??_C@_0L@NDEGIDAG@USER32?4DLL?$AA@ 1000c380     LIBCMT:crtmbox.obj
 0002:0000138c       ___dnames                  1000c38c     LIBCMT:timeset.obj
 0002:000013a4       ___mnames                  1000c3a4     LIBCMT:timeset.obj
 0002:000013d0       __load_config_used         1000c3d0     LIBCMT:loadcfg.obj
 0002:00001420       ___safe_se_handler_table   1000c420     <linker-defined>
 0002:0000142c       ___rtc_iaa                 1000c42c     LIBCMT:_initsect_.obj
 0002:00001430       ___rtc_izz                 1000c430     LIBCMT:_initsect_.obj
 0002:00001434       ___rtc_taa                 1000c434     LIBCMT:_initsect_.obj
 0002:00001438       ___rtc_tzz                 1000c438     LIBCMT:_initsect_.obj
 0002:000016ec       __IMPORT_DESCRIPTOR_libmx  1000c6ec     libmx:libmx.dll
 0002:00001700       __IMPORT_DESCRIPTOR_libmex 1000c700     libmex:libmex.dll
 0002:00001714       __IMPORT_DESCRIPTOR_KERNEL32 1000c714     kernel32:KERNEL32.dll
 0002:00001728       __NULL_IMPORT_DESCRIPTOR   1000c728     libmx:libmx.dll
 0003:00000000       __fltused                  1000d000     LIBCMT:_fpinit_.obj
 0003:00000004       __ldused                   1000d004     LIBCMT:_fpinit_.obj
 0003:00000008       __cfltcvt_tab              1000d008     LIBCMT:cmiscdat.obj
 0003:00000030       ___flsindex                1000d030     LIBCMT:tidtable.obj
 0003:00000034       ___getvalueindex           1000d034     LIBCMT:tidtable.obj
 0003:00000038       __aexit_rtn                1000d038     LIBCMT:crt0dat.obj
 0003:00000040       ___badioinfo               1000d040     LIBCMT:ioinit.obj
 0003:00000080       __amblksiz                 1000d080     LIBCMT:heapinit.obj
 0003:00000084       __First_FPE_Indx           1000d084     LIBCMT:winxfltr.obj
 0003:00000088       __Num_FPE                  1000d088     LIBCMT:winxfltr.obj
 0003:0000008c       __XcptActTabSize           1000d08c     LIBCMT:winxfltr.obj
 0003:00000090       __XcptActTabCount          1000d090     LIBCMT:winxfltr.obj
 0003:000000a0       ___initialmbcinfo          1000d0a0     LIBCMT:mbctype.obj
 0003:000002c0       __mbctype                  1000d2c0     LIBCMT:mbctype.obj
 0003:000003c8       __mbcasemap                1000d3c8     LIBCMT:mbctype.obj
 0003:000004c8       ___ptmbcinfo               1000d4c8     LIBCMT:mbctype.obj
 0003:000005c4       ___globallocalestatus      1000d5c4     LIBCMT:glstatus.obj
 0003:000005c8       ___clocalestr              1000d5c8     LIBCMT:nlsdata2.obj
 0003:000005d0       ___initiallocinfo          1000d5d0     LIBCMT:nlsdata2.obj
 0003:000006a8       ___ptlocinfo               1000d6a8     LIBCMT:nlsdata2.obj
 0003:000006ac       ___lc_clike                1000d6ac     LIBCMT:nlsdata2.obj
 0003:000006b0       ___initiallocalestructinfo 1000d6b0     LIBCMT:nlsdata2.obj
 0003:00000830       ___security_cookie         1000d830     LIBCMT:gs_cookie.obj
 0003:00000834       ___security_cookie_complement 1000d834     LIBCMT:gs_cookie.obj
 0003:00000a20       __pctype                   1000da20     LIBCMT:ctype.obj
 0003:00000a24       __pwctype                  1000da24     LIBCMT:ctype.obj
 0003:00000a28       ___lc_time_c               1000da28     LIBCMT:strftime.obj
 0003:00000ae0       ___lc_time_curr            1000dae0     LIBCMT:strftime.obj
 0003:00000ae4       ___lconv_static_decimal    1000dae4     LIBCMT:lconv.obj
 0003:00000ae8       ___lconv_c                 1000dae8     LIBCMT:lconv.obj
 0003:00000b18       ___lconv                   1000db18     LIBCMT:lconv.obj
 0003:00000b1c       ___mb_cur_max              1000db1c     LIBCMT:nlsdata1.obj
 0003:00000b20       ___decimal_point           1000db20     LIBCMT:nlsdata1.obj
 0003:00000b24       ___decimal_point_length    1000db24     LIBCMT:nlsdata1.obj
 0003:00000b60       ___abort_behavior          1000db60     LIBCMT:abort.obj
 0003:00000b64       __NLG_Destination          1000db64     LIBCMT:exsup.obj
 0003:00000b80       __timezone                 1000db80     LIBCMT:timeset.obj
 0003:00000b84       __daylight                 1000db84     LIBCMT:timeset.obj
 0003:00000b88       __dstbias                  1000db88     LIBCMT:timeset.obj
 0003:00000c10       __tzname                   1000dc10     LIBCMT:timeset.obj
 0003:00000c30       __pow10pos                 1000dc30     LIBCMT:_constpow_.obj
 0003:00000d90       __pow10neg                 1000dd90     LIBCMT:_constpow_.obj
 0003:00000f10       __lpdays                   1000df10     LIBCMT:days.obj
 0003:00000f44       __days                     1000df44     LIBCMT:days.obj
 0003:00000f80       ___fastflag                1000df80     LIBCMT:_fpinit_.obj
 0003:00000f84       __adjust_fdiv              1000df84     LIBCMT:_fpinit_.obj
 0003:00000f8c       __aenvptr                  1000df8c     LIBCMT:dllcrt0.obj
 0003:00000f90       __wenvptr                  1000df90     LIBCMT:dllcrt0.obj
 0003:00000f94       ___error_mode              1000df94     LIBCMT:dllcrt0.obj
 0003:00000f98       ___app_type                1000df98     LIBCMT:dllcrt0.obj
 0003:00000f9c       _gpFlsAlloc                1000df9c     LIBCMT:tidtable.obj
 0003:00000fa0       _gpFlsGetValue             1000dfa0     LIBCMT:tidtable.obj
 0003:00000fa4       _gpFlsSetValue             1000dfa4     LIBCMT:tidtable.obj
 0003:00000fa8       _gpFlsFree                 1000dfa8     LIBCMT:tidtable.obj
 0003:00000fac       __maxwait                  1000dfac     LIBCMT:crtheap.obj
 0003:00000fb0       __umaskval                 1000dfb0     LIBCMT:crt0dat.obj
 0003:00000fb4       ___argc                    1000dfb4     LIBCMT:crt0dat.obj
 0003:00000fb8       ___argv                    1000dfb8     LIBCMT:crt0dat.obj
 0003:00000fbc       ___wargv                   1000dfbc     LIBCMT:crt0dat.obj
 0003:00000fc0       __environ                  1000dfc0     LIBCMT:crt0dat.obj
 0003:00000fc4       ___initenv                 1000dfc4     LIBCMT:crt0dat.obj
 0003:00000fc8       __wenviron                 1000dfc8     LIBCMT:crt0dat.obj
 0003:00000fcc       ___winitenv                1000dfcc     LIBCMT:crt0dat.obj
 0003:00000fd0       __pgmptr                   1000dfd0     LIBCMT:crt0dat.obj
 0003:00000fd4       __wpgmptr                  1000dfd4     LIBCMT:crt0dat.obj
 0003:00000fd8       __exitflag                 1000dfd8     LIBCMT:crt0dat.obj
 0003:00000fdc       __C_Termination_Done       1000dfdc     LIBCMT:crt0dat.obj
 0003:00000fe0       __C_Exit_Done              1000dfe0     LIBCMT:crt0dat.obj
 0003:000010f4       __crtheap                  1000e0f4     LIBCMT:heapinit.obj
 0003:000010fc       ___mbulinfo                1000e0fc     LIBCMT:mbctype.obj
 0003:00001108       ___mbcodepage              1000e108     LIBCMT:mbctype.obj
 0003:0000110c       ___ismbcodepage            1000e10c     LIBCMT:mbctype.obj
 0003:00001110       ___mblcid                  1000e110     LIBCMT:mbctype.obj
 0003:00001114       ___locale_changed          1000e114     LIBCMT:setlocal.obj
 0003:00001118       ___lc_handle               1000e118     LIBCMT:nlsdata2.obj
 0003:00001130       ___lc_codepage             1000e130     LIBCMT:nlsdata2.obj
 0003:00001134       ___lc_collate_cp           1000e134     LIBCMT:nlsdata2.obj
 0003:00001138       ___pInvalidArgHandler      1000e138     LIBCMT:invarg.obj
 0003:0000113c       __outputformat             1000e13c     LIBCMT:outputformat.obj
 0003:00001290       ___sbh_pHeaderDefer        1000e290     LIBCMT:sbheap.obj
 0003:000015ac       ?__pInconsistency@@3P6AXXZA 1000e5ac     LIBCMT:hooks.obj
 0003:000015d0       ___pPurecall               1000e5d0     LIBCMT:inithelp.obj
 0003:000015d8       ?_pnhHeap@@3P6AHI@ZA       1000e5d8     LIBCMT:handler.obj
 0003:000015e4       ___lconv_static_null       1000e5e4     LIBCMT:lconv.obj
 0003:0000190c       __newmode                  1000e90c     LIBCMT:_newmode.obj
 0003:000019e0       ___sse2_available          1000e9e0     <common>
 0003:000019e4       __debugger_hook_dummy      1000e9e4     <common>
 0003:000019e8       ___sbh_cntHeaderList       1000e9e8     <common>
 0003:000019ec       ___sbh_pHeaderList         1000e9ec     <common>
 0003:000019f0       ___sbh_threshold           1000e9f0     <common>
 0003:000019f4       ___sbh_pHeaderScan         1000e9f4     <common>
 0003:000019f8       ___sbh_sizeHeaderList      1000e9f8     <common>
 0003:000019fc       ___sbh_indGroupDefer       1000e9fc     <common>
 0003:00001a00       __pDestructExceptionObject 1000ea00     <common>
 0003:00001a04       ___active_heap             1000ea04     <common>
 0003:00001a08       __nhandle                  1000ea08     <common>
 0003:00001a20       ___pioinfo                 1000ea20     <common>
 0003:00001b20       ___env_initialized         1000eb20     <common>
 0003:00001b24       ___onexitend               1000eb24     <common>
 0003:00001b28       ___onexitbegin             1000eb28     <common>
 0003:00001b2c       ___mbctype_initialized     1000eb2c     <common>
 0003:00001b30       ___dyn_tls_init_callback   1000eb30     <common>
 0003:00001b34       __acmdln                   1000eb34     <common>

 entry point at        0001:000004fe

 Static symbols

 0001:00000408       ___DllMainCRTStartup       10001408 f   LIBCMT:dllcrt0.obj
 0001:00000715       __shift                    10001715 f   LIBCMT:cvt.obj
 0001:0000075a       __cftoe2_l                 1000175a f   LIBCMT:cvt.obj
 0001:00000d2c       __cftof2_l                 10001d2c f   LIBCMT:cvt.obj
 0001:0000195c       __initterm                 1000295c f   LIBCMT:crt0dat.obj
 0001:00001a22       _doexit                    10002a22 f   LIBCMT:crt0dat.obj
 0001:00001f41       _parse_cmdline             10002f41 f   LIBCMT:stdargv.obj
 0001:000027fd       ?CPtoLCID@@YAHH@Z          100037fd f   LIBCMT:mbctype.obj
 0001:0000282c       ?setSBCS@@YAXPAUthreadmbcinfostruct@@@Z 1000382c f   LIBCMT:mbctype.obj
 0001:00002890       ?setSBUpLow@@YAXPAUthreadmbcinfostruct@@@Z 10003890 f   LIBCMT:mbctype.obj
 0001:00002ac7       ?getSystemCP@@YAHH@Z       10003ac7 f   LIBCMT:mbctype.obj
 0001:00003151       __updatetlocinfoEx_nolock  10004151 f   LIBCMT:setlocal.obj
 0001:000051fd       __onexit_nolock            100061fd f   LIBCMT:onexit.obj
 0001:000054f5       _siglookup                 100064f5 f   LIBCMT:winsig.obj
 0001:000057ad       ?x_ismbbtype_l@@YAHPAUlocaleinfo_struct@@IHH@Z 100067ad f   LIBCMT:ismbbyte.obj
 0001:00005c18       __unwind_handler4          10006c18 f   LIBCMT:exsup4.obj
 0001:00005cfb       ?__crtLCMapStringA_stat@@YAHPAUlocaleinfo_struct@@KKPBDHPADHHH@Z 10006cfb f   LIBCMT:a_map.obj
 0001:000060e5       ?__crtGetStringTypeA_stat@@YAHPAUlocaleinfo_struct@@KPBDHPAGHHH@Z 100070e5 f   LIBCMT:a_str.obj
 0001:00007a08       _fastcopy_I                10008a08 f   LIBCMT:p4_memcpy.obj
 0001:00007b72       _has_osfxsr_set            10008b72 f   LIBCMT:cpu_disp.obj
 0001:0000865b       _fastzero_I                1000965b f   LIBCMT:p4_memset.obj
 0001:00008741       __hw_cw                    10009741 f   LIBCMT:_ieee87_.obj
 0001:000087cf       ___hw_cw_sse2              100097cf f   LIBCMT:_ieee87_.obj
 0001:00008f0c       __unwind_handler           10009f0c f   LIBCMT:exsup.obj
 0001:000094db       ?strtoxl@@YAKPAUlocaleinfo_struct@@PBDPAPBDHH@Z 1000a4db f   LIBCMT:strtol.obj
